Archive member included to satisfy reference by file (symbol)

/home/shawal/ti/mspm0_sdk_2_05_01_00/source/ti/driverlib/lib/gcc/m0p/mspm0g1x0x_g3x0x/driverlib.a(dl_common.o)
                              ./ti_msp_dl_config.o (DL_Common_delayCycles)
/home/shawal/ti/mspm0_sdk_2_05_01_00/source/ti/driverlib/lib/gcc/m0p/mspm0g1x0x_g3x0x/driverlib.a(dl_i2c.o)
                              ./ti_msp_dl_config.o (DL_I2C_setClockConfig)
/home/shawal/Downloads/gcc-arm-none-eabi-9-2019-q4-major-x86_64-linux/gcc-arm-none-eabi-9-2019-q4-major/arm-none-eabi/lib/thumb/v6-m/nofp/libc.a(lib_a-init.o)
                              ./startup_mspm0g350x_gcc.o (__libc_init_array)

Discarded input sections

 .text.DL_I2C_getClockConfig
                0x0000000000000000       0x1c /home/shawal/ti/mspm0_sdk_2_05_01_00/source/ti/driverlib/lib/gcc/m0p/mspm0g1x0x_g3x0x/driverlib.a(dl_i2c.o)
 .text.DL_I2C_fillControllerTXFIFO
                0x0000000000000000       0x48 /home/shawal/ti/mspm0_sdk_2_05_01_00/source/ti/driverlib/lib/gcc/m0p/mspm0g1x0x_g3x0x/driverlib.a(dl_i2c.o)
 .text.DL_I2C_flushControllerTXFIFO
                0x0000000000000000       0x34 /home/shawal/ti/mspm0_sdk_2_05_01_00/source/ti/driverlib/lib/gcc/m0p/mspm0g1x0x_g3x0x/driverlib.a(dl_i2c.o)
 .text.DL_I2C_flushControllerRXFIFO
                0x0000000000000000       0x30 /home/shawal/ti/mspm0_sdk_2_05_01_00/source/ti/driverlib/lib/gcc/m0p/mspm0g1x0x_g3x0x/driverlib.a(dl_i2c.o)
 .text.DL_I2C_fillTargetTXFIFO
                0x0000000000000000       0x4c /home/shawal/ti/mspm0_sdk_2_05_01_00/source/ti/driverlib/lib/gcc/m0p/mspm0g1x0x_g3x0x/driverlib.a(dl_i2c.o)
 .text.DL_I2C_flushTargetTXFIFO
                0x0000000000000000       0x34 /home/shawal/ti/mspm0_sdk_2_05_01_00/source/ti/driverlib/lib/gcc/m0p/mspm0g1x0x_g3x0x/driverlib.a(dl_i2c.o)
 .text.DL_I2C_flushTargetRXFIFO
                0x0000000000000000       0x30 /home/shawal/ti/mspm0_sdk_2_05_01_00/source/ti/driverlib/lib/gcc/m0p/mspm0g1x0x_g3x0x/driverlib.a(dl_i2c.o)
 .text.DL_I2C_transmitTargetDataBlocking
                0x0000000000000000       0x1c /home/shawal/ti/mspm0_sdk_2_05_01_00/source/ti/driverlib/lib/gcc/m0p/mspm0g1x0x_g3x0x/driverlib.a(dl_i2c.o)
 .text.DL_I2C_transmitTargetDataCheck
                0x0000000000000000       0x24 /home/shawal/ti/mspm0_sdk_2_05_01_00/source/ti/driverlib/lib/gcc/m0p/mspm0g1x0x_g3x0x/driverlib.a(dl_i2c.o)
 .text.DL_I2C_receiveTargetDataBlocking
                0x0000000000000000       0x18 /home/shawal/ti/mspm0_sdk_2_05_01_00/source/ti/driverlib/lib/gcc/m0p/mspm0g1x0x_g3x0x/driverlib.a(dl_i2c.o)
 .text.DL_I2C_receiveTargetDataCheck
                0x0000000000000000       0x1c /home/shawal/ti/mspm0_sdk_2_05_01_00/source/ti/driverlib/lib/gcc/m0p/mspm0g1x0x_g3x0x/driverlib.a(dl_i2c.o)

Memory Configuration

Name             Origin             Length             Attributes
FLASH            0x0000000000000000 0x0000000000020000 xr
SRAM             0x0000000020200000 0x0000000000008000 xrw
BCR_CONFIG       0x0000000041c00000 0x00000000000000ff r
BSL_CONFIG       0x0000000041c00100 0x0000000000000080 r
*default*        0x0000000000000000 0xffffffffffffffff

Linker script and memory map

LOAD ./main.o
LOAD ./ti_msp_dl_config.o
LOAD ./startup_mspm0g350x_gcc.o
                0x0000000000000000                _Min_Heap_Size = 0x0
                0x0000000000000080                _Min_Stack_Size = 0x80
                0x0000000000000000                PROVIDE (_intvecs_base_address = DEFINED (_intvecs_base_address)?_intvecs_base_address:0x0)

.intvecs        0x0000000000000000       0xc0
 *(.intvecs)
 .intvecs       0x0000000000000000       0xc0 ./startup_mspm0g350x_gcc.o
                0x0000000000000000                interruptVectors
                0x0000000020200000                PROVIDE (_vtable_base_address = DEFINED (_vtable_base_address)?_vtable_base_address:0x20200000)

.vtable
 *(.vtable)

.text           0x00000000000000c0      0x208
 CREATE_OBJECT_SYMBOLS
 *(.text)
 .text          0x00000000000000c0        0x0 ./main.o
 .text          0x00000000000000c0        0x0 ./ti_msp_dl_config.o
 .text          0x00000000000000c0        0x0 ./startup_mspm0g350x_gcc.o
 .text          0x00000000000000c0        0x0 /home/shawal/ti/mspm0_sdk_2_05_01_00/source/ti/driverlib/lib/gcc/m0p/mspm0g1x0x_g3x0x/driverlib.a(dl_common.o)
 .text          0x00000000000000c0        0x0 /home/shawal/ti/mspm0_sdk_2_05_01_00/source/ti/driverlib/lib/gcc/m0p/mspm0g1x0x_g3x0x/driverlib.a(dl_i2c.o)
 .text          0x00000000000000c0        0x0 /home/shawal/Downloads/gcc-arm-none-eabi-9-2019-q4-major-x86_64-linux/gcc-arm-none-eabi-9-2019-q4-major/arm-none-eabi/lib/thumb/v6-m/nofp/libc.a(lib_a-init.o)
                0x00000000000000c0                . = ALIGN (0x8)
 *(.text.*)
 .text.startup.main
                0x00000000000000c0        0x8 ./main.o
                0x00000000000000c0                main
 .text.SYSCFG_DL_initPower
                0x00000000000000c8       0x3c ./ti_msp_dl_config.o
                0x00000000000000c8                SYSCFG_DL_initPower
 .text.SYSCFG_DL_GPIO_init
                0x0000000000000104       0x24 ./ti_msp_dl_config.o
                0x0000000000000104                SYSCFG_DL_GPIO_init
 .text.SYSCFG_DL_SYSCTL_init
                0x0000000000000128       0x50 ./ti_msp_dl_config.o
                0x0000000000000128                SYSCFG_DL_SYSCTL_init
 .text.SYSCFG_DL_I2C_0_init
                0x0000000000000178       0x30 ./ti_msp_dl_config.o
                0x0000000000000178                SYSCFG_DL_I2C_0_init
 .text.SYSCFG_DL_init
                0x00000000000001a8       0x14 ./ti_msp_dl_config.o
                0x00000000000001a8                SYSCFG_DL_init
 .text.Default_Handler
                0x00000000000001bc        0x4 ./startup_mspm0g350x_gcc.o
                0x00000000000001bc                TIMG6_IRQHandler
                0x00000000000001bc                TIMG8_IRQHandler
                0x00000000000001bc                I2C0_IRQHandler
                0x00000000000001bc                HardFault_Handler
                0x00000000000001bc                SysTick_Handler
                0x00000000000001bc                PendSV_Handler
                0x00000000000001bc                NMI_Handler
                0x00000000000001bc                I2C1_IRQHandler
                0x00000000000001bc                UART1_IRQHandler
                0x00000000000001bc                TIMA1_IRQHandler
                0x00000000000001bc                UART0_IRQHandler
                0x00000000000001bc                ADC0_IRQHandler
                0x00000000000001bc                SPI1_IRQHandler
                0x00000000000001bc                TIMG0_IRQHandler
                0x00000000000001bc                ADC1_IRQHandler
                0x00000000000001bc                GROUP1_IRQHandler
                0x00000000000001bc                RTC_IRQHandler
                0x00000000000001bc                GROUP0_IRQHandler
                0x00000000000001bc                UART2_IRQHandler
                0x00000000000001bc                Default_Handler
                0x00000000000001bc                SVC_Handler
                0x00000000000001bc                TIMG12_IRQHandler
                0x00000000000001bc                DAC0_IRQHandler
                0x00000000000001bc                TIMG7_IRQHandler
                0x00000000000001bc                SPI0_IRQHandler
                0x00000000000001bc                AES_IRQHandler
                0x00000000000001bc                DMA_IRQHandler
                0x00000000000001bc                TIMA0_IRQHandler
                0x00000000000001bc                UART3_IRQHandler
                0x00000000000001bc                CANFD0_IRQHandler
 .text.Reset_Handler
                0x00000000000001c0       0x8c ./startup_mspm0g350x_gcc.o
                0x00000000000001c0                Reset_Handler
 .text.initStub
                0x000000000000024c        0x4 ./startup_mspm0g350x_gcc.o
                0x000000000000024c                _init
                0x000000000000024c                initStub
 .text.DL_Common_delayCycles
                0x0000000000000250        0xc /home/shawal/ti/mspm0_sdk_2_05_01_00/source/ti/driverlib/lib/gcc/m0p/mspm0g1x0x_g3x0x/driverlib.a(dl_common.o)
                0x0000000000000250                DL_Common_delayCycles
 .text.DL_I2C_setClockConfig
                0x000000000000025c       0x28 /home/shawal/ti/mspm0_sdk_2_05_01_00/source/ti/driverlib/lib/gcc/m0p/mspm0g1x0x_g3x0x/driverlib.a(dl_i2c.o)
                0x000000000000025c                DL_I2C_setClockConfig
 .text.__libc_init_array
                0x0000000000000284       0x44 /home/shawal/Downloads/gcc-arm-none-eabi-9-2019-q4-major-x86_64-linux/gcc-arm-none-eabi-9-2019-q4-major/arm-none-eabi/lib/thumb/v6-m/nofp/libc.a(lib_a-init.o)
                0x0000000000000284                __libc_init_array
                0x00000000000002c8                . = ALIGN (0x8)
 *(.ctors)
                0x00000000000002c8                . = ALIGN (0x8)
 *(.dtors)
                0x00000000000002c8                . = ALIGN (0x8)
 *(.init)
                0x00000000000002c8                . = ALIGN (0x8)
 *(.fini*)
                0x00000000000002c8                . = ALIGN (0x8)

.glue_7         0x00000000000002c8        0x0
 .glue_7        0x00000000000002c8        0x0 linker stubs

.glue_7t        0x00000000000002c8        0x0
 .glue_7t       0x00000000000002c8        0x0 linker stubs

.vfp11_veneer   0x00000000000002c8        0x0
 .vfp11_veneer  0x00000000000002c8        0x0 linker stubs

.v4_bx          0x00000000000002c8        0x0
 .v4_bx         0x00000000000002c8        0x0 linker stubs

.iplt           0x00000000000002c8        0x0
 .iplt          0x00000000000002c8        0x0 ./main.o

.ramfunc        0x0000000020200000        0x0 load address 0x00000000000002c8
                0x00000000000002c8                __ramfunct_load__ = LOADADDR (.ramfunc)
                0x0000000020200000                __ramfunct_start__ = .
 *(.ramfunc)
                0x0000000020200000                . = ALIGN (0x8)
                0x0000000020200000                __ramfunct_end__ = .

.rodata         0x00000000000002c8        0x8
 *(.rodata)
                0x00000000000002c8                . = ALIGN (0x8)
 *(.rodata.*)
 .rodata.gI2C_0ClockConfig
                0x00000000000002c8        0x2 ./ti_msp_dl_config.o
                0x00000000000002d0                . = ALIGN (0x8)
 *fill*         0x00000000000002ca        0x6 

.rel.dyn        0x00000000000002d0        0x0
 .rel.iplt      0x00000000000002d0        0x0 ./main.o

.preinit_array  0x00000000000002d0        0x0
                0x00000000000002d0                PROVIDE (__preinit_array_start = .)
 *(.preinit_array*)
                0x00000000000002d0                PROVIDE (__preinit_array_end = .)

.init_array     0x00000000000002d0        0x0
                0x00000000000002d0                . = ALIGN (0x8)
                0x00000000000002d0                PROVIDE (__init_array_start = .)
 *(SORT_BY_NAME(.init_array.*))
 *(.init_array*)
                0x00000000000002d0                PROVIDE (__init_array_end = .)

.fini_array     0x00000000000002d0        0x0
                0x00000000000002d0                . = ALIGN (0x8)
                [!provide]                        PROVIDE (__fini_array_start = .)
 *(SORT_BY_NAME(.fini_array.*))
 *(.fini_array*)
                [!provide]                        PROVIDE (__fini_array_end = .)
                0x00000000000002d0                . = ALIGN (0x8)

.ARM.exidx      0x00000000000002d0        0x0
                0x00000000000002d0                __exidx_start = .
 *(.ARM.exidx* .gnu.linkonce.armexidx.*)
                0x00000000000002d0                __exidx_end = .

.ARM.extab      0x00000000000002d0        0x0
                0x00000000000002d0                . = ALIGN (0x8)
 *(.ARM.extab* .gnu.linkonce.armextab.*)
                0x00000000000002d0                . = ALIGN (0x8)
                0x00000000000002d0                __etext = .

.data           0x0000000020200000        0x0 load address 0x00000000000002d0
                0x00000000000002d0                __data_load__ = LOADADDR (.data)
                0x0000000020200000                __data_start__ = .
 *(.data)
 .data          0x0000000020200000        0x0 ./main.o
 .data          0x0000000020200000        0x0 ./ti_msp_dl_config.o
 .data          0x0000000020200000        0x0 ./startup_mspm0g350x_gcc.o
 .data          0x0000000020200000        0x0 /home/shawal/ti/mspm0_sdk_2_05_01_00/source/ti/driverlib/lib/gcc/m0p/mspm0g1x0x_g3x0x/driverlib.a(dl_common.o)
 .data          0x0000000020200000        0x0 /home/shawal/ti/mspm0_sdk_2_05_01_00/source/ti/driverlib/lib/gcc/m0p/mspm0g1x0x_g3x0x/driverlib.a(dl_i2c.o)
 .data          0x0000000020200000        0x0 /home/shawal/Downloads/gcc-arm-none-eabi-9-2019-q4-major-x86_64-linux/gcc-arm-none-eabi-9-2019-q4-major/arm-none-eabi/lib/thumb/v6-m/nofp/libc.a(lib_a-init.o)
 *(.data*)
                0x0000000020200000                . = ALIGN (0x8)
                0x0000000020200000                __data_end__ = .

.igot.plt       0x0000000020200000        0x0 load address 0x00000000000002d0
 .igot.plt      0x0000000020200000        0x0 ./main.o

.bss            0x0000000020200000        0x0
                0x0000000020200000                __bss_start__ = .
 *(.shbss)
 *(.bss)
 .bss           0x0000000020200000        0x0 ./main.o
 .bss           0x0000000020200000        0x0 ./ti_msp_dl_config.o
 .bss           0x0000000020200000        0x0 ./startup_mspm0g350x_gcc.o
 .bss           0x0000000020200000        0x0 /home/shawal/ti/mspm0_sdk_2_05_01_00/source/ti/driverlib/lib/gcc/m0p/mspm0g1x0x_g3x0x/driverlib.a(dl_common.o)
 .bss           0x0000000020200000        0x0 /home/shawal/ti/mspm0_sdk_2_05_01_00/source/ti/driverlib/lib/gcc/m0p/mspm0g1x0x_g3x0x/driverlib.a(dl_i2c.o)
 .bss           0x0000000020200000        0x0 /home/shawal/Downloads/gcc-arm-none-eabi-9-2019-q4-major-x86_64-linux/gcc-arm-none-eabi-9-2019-q4-major/arm-none-eabi/lib/thumb/v6-m/nofp/libc.a(lib_a-init.o)
 *(.bss.*)
 *(COMMON)
                0x0000000020200000                . = ALIGN (0x8)
                0x0000000020200000                __bss_end__ = .

.noinit         0x0000000020200000        0x0
 *(*.noinit*)
                0x0000000020200000                . = ALIGN (0x8)

.heap           0x0000000020200000        0x0
                0x0000000020200000                __heap_start__ = .
                0x0000000020200000                end = __heap_start__
                0x0000000020200000                _end = end
                0x0000000020200000                __end = end
 *(.heap)
                0x0000000020200000                __heap_end__ = .
                0x0000000020200000                __HeapLimit = __heap_end__

.stack          0x0000000020200000        0x0
                0x0000000020200000                _stack = .
 *(.stack)

.BCRConfig
 *(.BCRConfig)

.BSLConfig
 *(.BSLConfig)
                0x0000000020208000                __StackTop = (ORIGIN (REGION_STACK) + LENGTH (REGION_STACK))
                [!provide]                        PROVIDE (__stack = __StackTop)
LOAD /home/shawal/ti/mspm0_sdk_2_05_01_00/source/ti/driverlib/lib/gcc/m0p/mspm0g1x0x_g3x0x/driverlib.a
LOAD /home/shawal/ti/mspm0_sdk_2_05_01_00/source/ti/driverlib/lib/gcc/m0p/mspm0g1x0x_g3x0x/driverlib.a
LOAD /home/shawal/Downloads/gcc-arm-none-eabi-9-2019-q4-major-x86_64-linux/gcc-arm-none-eabi-9-2019-q4-major/bin/../lib/gcc/arm-none-eabi/9.2.1/thumb/v6-m/nofp/libgcc.a
LOAD /home/shawal/Downloads/gcc-arm-none-eabi-9-2019-q4-major-x86_64-linux/gcc-arm-none-eabi-9-2019-q4-major/arm-none-eabi/lib/thumb/v6-m/nofp/libc.a
LOAD /home/shawal/Downloads/gcc-arm-none-eabi-9-2019-q4-major-x86_64-linux/gcc-arm-none-eabi-9-2019-q4-major/arm-none-eabi/lib/thumb/v6-m/nofp/libm.a
START GROUP
LOAD /home/shawal/Downloads/gcc-arm-none-eabi-9-2019-q4-major-x86_64-linux/gcc-arm-none-eabi-9-2019-q4-major/bin/../lib/gcc/arm-none-eabi/9.2.1/thumb/v6-m/nofp/libgcc.a
LOAD /home/shawal/Downloads/gcc-arm-none-eabi-9-2019-q4-major-x86_64-linux/gcc-arm-none-eabi-9-2019-q4-major/arm-none-eabi/lib/thumb/v6-m/nofp/libg.a
LOAD /home/shawal/Downloads/gcc-arm-none-eabi-9-2019-q4-major-x86_64-linux/gcc-arm-none-eabi-9-2019-q4-major/arm-none-eabi/lib/thumb/v6-m/nofp/libc.a
END GROUP
START GROUP
LOAD /home/shawal/Downloads/gcc-arm-none-eabi-9-2019-q4-major-x86_64-linux/gcc-arm-none-eabi-9-2019-q4-major/bin/../lib/gcc/arm-none-eabi/9.2.1/thumb/v6-m/nofp/libgcc.a
LOAD /home/shawal/Downloads/gcc-arm-none-eabi-9-2019-q4-major-x86_64-linux/gcc-arm-none-eabi-9-2019-q4-major/arm-none-eabi/lib/thumb/v6-m/nofp/libc.a
LOAD /home/shawal/Downloads/gcc-arm-none-eabi-9-2019-q4-major-x86_64-linux/gcc-arm-none-eabi-9-2019-q4-major/arm-none-eabi/lib/thumb/v6-m/nofp/libnosys.a
END GROUP
OUTPUT(ccs_project.out elf32-littlearm)

.debug_info     0x0000000000000000    0x17d97
 .debug_info    0x0000000000000000     0x5eb6 ./main.o
 .debug_info    0x0000000000005eb6     0x67e4 ./ti_msp_dl_config.o
 .debug_info    0x000000000000c69a      0x1bc ./startup_mspm0g350x_gcc.o
 .debug_info    0x000000000000c856     0x55ff /home/shawal/ti/mspm0_sdk_2_05_01_00/source/ti/driverlib/lib/gcc/m0p/mspm0g1x0x_g3x0x/driverlib.a(dl_common.o)
 .debug_info    0x0000000000011e55     0x5f42 /home/shawal/ti/mspm0_sdk_2_05_01_00/source/ti/driverlib/lib/gcc/m0p/mspm0g1x0x_g3x0x/driverlib.a(dl_i2c.o)

.debug_abbrev   0x0000000000000000      0xa93
 .debug_abbrev  0x0000000000000000      0x1ef ./main.o
 .debug_abbrev  0x00000000000001ef      0x377 ./ti_msp_dl_config.o
 .debug_abbrev  0x0000000000000566       0xe7 ./startup_mspm0g350x_gcc.o
 .debug_abbrev  0x000000000000064d      0x166 /home/shawal/ti/mspm0_sdk_2_05_01_00/source/ti/driverlib/lib/gcc/m0p/mspm0g1x0x_g3x0x/driverlib.a(dl_common.o)
 .debug_abbrev  0x00000000000007b3      0x2e0 /home/shawal/ti/mspm0_sdk_2_05_01_00/source/ti/driverlib/lib/gcc/m0p/mspm0g1x0x_g3x0x/driverlib.a(dl_i2c.o)

.debug_aranges  0x0000000000000000      0x128
 .debug_aranges
                0x0000000000000000       0x20 ./main.o
 .debug_aranges
                0x0000000000000020       0x40 ./ti_msp_dl_config.o
 .debug_aranges
                0x0000000000000060       0x30 ./startup_mspm0g350x_gcc.o
 .debug_aranges
                0x0000000000000090       0x20 /home/shawal/ti/mspm0_sdk_2_05_01_00/source/ti/driverlib/lib/gcc/m0p/mspm0g1x0x_g3x0x/driverlib.a(dl_common.o)
 .debug_aranges
                0x00000000000000b0       0x78 /home/shawal/ti/mspm0_sdk_2_05_01_00/source/ti/driverlib/lib/gcc/m0p/mspm0g1x0x_g3x0x/driverlib.a(dl_i2c.o)

.debug_ranges   0x0000000000000000      0x448
 .debug_ranges  0x0000000000000000       0x10 ./main.o
 .debug_ranges  0x0000000000000010      0x108 ./ti_msp_dl_config.o
 .debug_ranges  0x0000000000000118       0x20 ./startup_mspm0g350x_gcc.o
 .debug_ranges  0x0000000000000138       0x10 /home/shawal/ti/mspm0_sdk_2_05_01_00/source/ti/driverlib/lib/gcc/m0p/mspm0g1x0x_g3x0x/driverlib.a(dl_common.o)
 .debug_ranges  0x0000000000000148      0x300 /home/shawal/ti/mspm0_sdk_2_05_01_00/source/ti/driverlib/lib/gcc/m0p/mspm0g1x0x_g3x0x/driverlib.a(dl_i2c.o)

.debug_line     0x0000000000000000     0x1de4
 .debug_line    0x0000000000000000      0x4ce ./main.o
 .debug_line    0x00000000000004ce      0x80d ./ti_msp_dl_config.o
 .debug_line    0x0000000000000cdb      0x269 ./startup_mspm0g350x_gcc.o
 .debug_line    0x0000000000000f44      0x425 /home/shawal/ti/mspm0_sdk_2_05_01_00/source/ti/driverlib/lib/gcc/m0p/mspm0g1x0x_g3x0x/driverlib.a(dl_common.o)
 .debug_line    0x0000000000001369      0xa7b /home/shawal/ti/mspm0_sdk_2_05_01_00/source/ti/driverlib/lib/gcc/m0p/mspm0g1x0x_g3x0x/driverlib.a(dl_i2c.o)

.debug_str      0x0000000000000000     0x30bd
 .debug_str     0x0000000000000000     0x1da6 ./main.o
                                       0x1ec6 (size before relaxing)
 .debug_str     0x0000000000001da6      0xbf2 ./ti_msp_dl_config.o
                                       0x2aa9 (size before relaxing)
 .debug_str     0x0000000000002998      0x147 ./startup_mspm0g350x_gcc.o
                                        0x2ea (size before relaxing)
 .debug_str     0x0000000000002adf      0x1ac /home/shawal/ti/mspm0_sdk_2_05_01_00/source/ti/driverlib/lib/gcc/m0p/mspm0g1x0x_g3x0x/driverlib.a(dl_common.o)
                                       0x1b27 (size before relaxing)
 .debug_str     0x0000000000002c8b      0x432 /home/shawal/ti/mspm0_sdk_2_05_01_00/source/ti/driverlib/lib/gcc/m0p/mspm0g1x0x_g3x0x/driverlib.a(dl_i2c.o)
                                       0x1fe0 (size before relaxing)

.comment        0x0000000000000000       0x79
 .comment       0x0000000000000000       0x79 ./main.o
                                         0x7a (size before relaxing)
 .comment       0x0000000000000079       0x7a ./ti_msp_dl_config.o
 .comment       0x0000000000000079       0x7a ./startup_mspm0g350x_gcc.o
 .comment       0x0000000000000079       0x7a /home/shawal/ti/mspm0_sdk_2_05_01_00/source/ti/driverlib/lib/gcc/m0p/mspm0g1x0x_g3x0x/driverlib.a(dl_common.o)
 .comment       0x0000000000000079       0x7a /home/shawal/ti/mspm0_sdk_2_05_01_00/source/ti/driverlib/lib/gcc/m0p/mspm0g1x0x_g3x0x/driverlib.a(dl_i2c.o)

.ARM.attributes
                0x0000000000000000       0x2c
 .ARM.attributes
                0x0000000000000000       0x2b ./main.o
 .ARM.attributes
                0x000000000000002b       0x2b ./ti_msp_dl_config.o
 .ARM.attributes
                0x0000000000000056       0x2b ./startup_mspm0g350x_gcc.o
 .ARM.attributes
                0x0000000000000081       0x2b /home/shawal/ti/mspm0_sdk_2_05_01_00/source/ti/driverlib/lib/gcc/m0p/mspm0g1x0x_g3x0x/driverlib.a(dl_common.o)
 .ARM.attributes
                0x00000000000000ac       0x2b /home/shawal/ti/mspm0_sdk_2_05_01_00/source/ti/driverlib/lib/gcc/m0p/mspm0g1x0x_g3x0x/driverlib.a(dl_i2c.o)
 .ARM.attributes
                0x00000000000000d7       0x2c /home/shawal/Downloads/gcc-arm-none-eabi-9-2019-q4-major-x86_64-linux/gcc-arm-none-eabi-9-2019-q4-major/arm-none-eabi/lib/thumb/v6-m/nofp/libc.a(lib_a-init.o)

.debug_frame    0x0000000000000000      0x258
 .debug_frame   0x0000000000000000       0x28 ./main.o
 .debug_frame   0x0000000000000028       0x78 ./ti_msp_dl_config.o
 .debug_frame   0x00000000000000a0       0x48 ./startup_mspm0g350x_gcc.o
 .debug_frame   0x00000000000000e8       0x20 /home/shawal/ti/mspm0_sdk_2_05_01_00/source/ti/driverlib/lib/gcc/m0p/mspm0g1x0x_g3x0x/driverlib.a(dl_common.o)
 .debug_frame   0x0000000000000108      0x124 /home/shawal/ti/mspm0_sdk_2_05_01_00/source/ti/driverlib/lib/gcc/m0p/mspm0g1x0x_g3x0x/driverlib.a(dl_i2c.o)
 .debug_frame   0x000000000000022c       0x2c /home/shawal/Downloads/gcc-arm-none-eabi-9-2019-q4-major-x86_64-linux/gcc-arm-none-eabi-9-2019-q4-major/arm-none-eabi/lib/thumb/v6-m/nofp/libc.a(lib_a-init.o)

.debug_loc      0x0000000000000000      0x460
 .debug_loc     0x0000000000000000       0x13 ./startup_mspm0g350x_gcc.o
 .debug_loc     0x0000000000000013      0x44d /home/shawal/ti/mspm0_sdk_2_05_01_00/source/ti/driverlib/lib/gcc/m0p/mspm0g1x0x_g3x0x/driverlib.a(dl_i2c.o)
